// Jest Snapshot v1, https://goo.gl/fbAQLP

exports[`(Elements) Consent should render correctly 1`] = `<ConsentSuccess />`;
