// Jest Snapshot v1, https://goo.gl/fbAQLP

exports[`(Elements) Consent should render correctly 1`] = `
<Consent
  options={
    Object {
      "label": "Test label",
      "onSuccessCallback": [Function],
      "required": true,
      "styles": Object {
        "label": Object {
          "fontSize": "12px",
        },
      },
    }
  }
  subject={
    Subject {
      "_propagateMutation": [Function],
      "cg": v {
        "Events": y {
          "_events": Object {},
        },
        "Processors": Processors {
          "_request": s {
            "config": [Circular],
          },
        },
        "Subject": Subject {
          "_request": s {
            "config": [Circular],
          },
          "getProcessors": [Function],
          "giveConsent": [Function],
        },
        "_config": Object {
          "apiKey": "test",
          "apiTimeout": 30,
          "apiUrl": "test",
          "apiVersion": undefined,
          "auth": null,
          "debug": false,
        },
      },
      "data": null,
      "isErased": false,
      "isFetched": false,
      "isGuest": true,
      "isLoading": false,
      "objection": null,
      "processors": Array [
        Object {
          "consented": 72,
          "description": "",
          "enabled": true,
          "id": 1,
          "logoUrl": "",
          "name": "Nielsen",
          "scopes": Array [
            "Full Name",
            "Email",
            "Phone Number",
          ],
        },
        Object {
          "consented": 64,
          "description": "",
          "enabled": true,
          "id": 2,
          "logoUrl": "",
          "name": "Live Ramp",
          "scopes": Array [
            "Email",
          ],
        },
        Object {
          "consented": 25,
          "description": "",
          "enabled": true,
          "id": 3,
          "logoUrl": "",
          "name": "Experian",
          "scopes": Array [
            "Full Name",
            "Phone Number",
          ],
        },
      ],
      "restrictions": null,
      "shares": null,
      "status": null,
    }
  }
>
  <div>
    <Checkbox
      label="Test label"
      name="cleargdpr-give-consent"
      required={true}
      styles={
        Object {
          "label": Object {
            "fontSize": "12px",
          },
        }
      }
    >
      <label
        name="cleargdpr-give-consent"
      >
        <input
          required={true}
          type="checkbox"
        />
        <span
          style={
            Object {
              "fontSize": "12px",
            }
          }
        >
          Test label
        </span>
      </label>
    </Checkbox>
    <div
      style={
        Object {
          "padding": "10px 0 0 40px",
          "position": "relative",
        }
      }
    >
      <button
        className="button is-primary is-outlined is-small"
        onClick={[Function]}
      >
        <span
          aria-labelledby="lock"
          role="img"
        >
          ðŸ”’
        </span>
        Config Processors
      </button>
    </div>
  </div>
</Consent>
`;
