// Jest Snapshot v1, https://goo.gl/fbAQLP

exports[`(Container) Login should render correctly 1`] = `
<Login
  auth={[Function]}
/>
`;
