// Jest Snapshot v1, https://goo.gl/fbAQLP

exports[`(Container) Rectifications should render correctly 1`] = `
ShallowWrapper {
  "length": 1,
  Symbol(enzyme.__root__): [Circular],
  Symbol(enzyme.__unrendered__): <RectificationsContainer
    fetchAllRectifications={
      [MockFunction] {
        "calls": Array [
          Array [],
          Array [],
        ],
        "results": Array [
          Object {
            "isThrow": false,
            "value": undefined,
          },
          Object {
            "isThrow": false,
            "value": undefined,
          },
        ],
      }
    }
    fetchPendingRectifications={[MockFunction]}
    fetchProcessedRectifications={[MockFunction]}
    isLoading={false}
    pendingRectifications={
      Object {
        "data": Array [
          Object {
            "created_at": "2018-07-02T21:31:24.999Z",
            "id": 4,
            "request_reason": "The data was incorrect.",
            "status": "APPROVED",
          },
          Object {
            "created_at": "2018-07-02T21:31:37.440Z",
            "id": 5,
            "request_reason": "The data was incorrect two.",
            "status": "DISAPPROVED",
          },
          Object {
            "created_at": "2018-07-02T21:31:43.530Z",
            "id": 6,
            "request_reason": "The data was incorrect two three.",
            "status": "APPROVED",
          },
        ],
        "paging": Object {
          "current": 1,
          "total": 2,
        },
      }
    }
    processedRectifications={
      Object {
        "data": Array [
          Object {
            "created_at": "2018-07-02T21:31:24.999Z",
            "id": 4,
            "request_reason": "The data was incorrect.",
            "status": "APPROVED",
          },
          Object {
            "created_at": "2018-07-02T21:31:37.440Z",
            "id": 5,
            "request_reason": "The data was incorrect two.",
            "status": "DISAPPROVED",
          },
          Object {
            "created_at": "2018-07-02T21:31:43.530Z",
            "id": 6,
            "request_reason": "The data was incorrect two three.",
            "status": "APPROVED",
          },
        ],
        "paging": Object {
          "current": 1,
          "total": 2,
        },
      }
    }
  />,
  Symbol(enzyme.__renderer__): Object {
    "batchedUpdates": [Function],
    "getNode": [Function],
    "render": [Function],
    "simulateEvent": [Function],
    "unmount": [Function],
  },
  Symbol(enzyme.__node__): Object {
    "instance": null,
    "key": undefined,
    "nodeType": "function",
    "props": Object {
      "currentPage": 1,
      "data": Array [
        Object {
          "created_at": "2018-07-02T21:31:24.999Z",
          "id": 4,
          "request_reason": "The data was incorrect.",
          "status": "APPROVED",
        },
        Object {
          "created_at": "2018-07-02T21:31:37.440Z",
          "id": 5,
          "request_reason": "The data was incorrect two.",
          "status": "DISAPPROVED",
        },
        Object {
          "created_at": "2018-07-02T21:31:43.530Z",
          "id": 6,
          "request_reason": "The data was incorrect two three.",
          "status": "APPROVED",
        },
      ],
      "isLoading": false,
      "onDetailsClick": [Function],
      "onPageSelected": [Function],
      "onTabSelect": [Function],
      "pageCount": 2,
      "selectedTab": 0,
      "tabs": Array [
        "Pending requests",
        "Requests archive",
      ],
    },
    "ref": null,
    "rendered": null,
    "type": [Function],
  },
  Symbol(enzyme.__nodes__): Array [
    Object {
      "instance": null,
      "key": undefined,
      "nodeType": "function",
      "props": Object {
        "currentPage": 1,
        "data": Array [
          Object {
            "created_at": "2018-07-02T21:31:24.999Z",
            "id": 4,
            "request_reason": "The data was incorrect.",
            "status": "APPROVED",
          },
          Object {
            "created_at": "2018-07-02T21:31:37.440Z",
            "id": 5,
            "request_reason": "The data was incorrect two.",
            "status": "DISAPPROVED",
          },
          Object {
            "created_at": "2018-07-02T21:31:43.530Z",
            "id": 6,
            "request_reason": "The data was incorrect two three.",
            "status": "APPROVED",
          },
        ],
        "isLoading": false,
        "onDetailsClick": [Function],
        "onPageSelected": [Function],
        "onTabSelect": [Function],
        "pageCount": 2,
        "selectedTab": 0,
        "tabs": Array [
          "Pending requests",
          "Requests archive",
        ],
      },
      "ref": null,
      "rendered": null,
      "type": [Function],
    },
  ],
  Symbol(enzyme.__options__): Object {
    "adapter": ReactSixteenAdapter {
      "options": Object {
        "enableComponentDidUpdateOnSetState": true,
      },
    },
  },
}
`;
