// Jest Snapshot v1, https://goo.gl/fbAQLP

exports[`Objection should render correctly 1`] = `Promise {}`;
