// Jest Snapshot v1, https://goo.gl/fbAQLP

exports[`(Component) Login should render correctly 1`] = `
ShallowWrapper {
  "length": 1,
  Symbol(enzyme.__root__): [Circular],
  Symbol(enzyme.__unrendered__): <Login
    auth={[MockFunction]}
  />,
  Symbol(enzyme.__renderer__): Object {
    "batchedUpdates": [Function],
    "getNode": [Function],
    "render": [Function],
    "simulateEvent": [Function],
    "unmount": [Function],
  },
  Symbol(enzyme.__node__): Object {
    "instance": null,
    "key": undefined,
    "nodeType": "host",
    "props": Object {
      "children": <div
        className="login-card"
      >
        <img
          alt="Clear logo"
          className="logo"
          src="logo.png"
        />
        <form
          onSubmit={[Function]}
        >
          <input
            placeholder="Your username"
            type="text"
          />
          <input
            placeholder="*********"
            type="password"
          />
          <button
            className="btn"
            type="submit"
          >
            Login
          </button>
        </form>
      </div>,
      "className": "login-section",
    },
    "ref": null,
    "rendered": Object {
      "instance": null,
      "key": undefined,
      "nodeType": "host",
      "props": Object {
        "children": Array [
          <img
            alt="Clear logo"
            className="logo"
            src="logo.png"
          />,
          <form
            onSubmit={[Function]}
          >
            <input
              placeholder="Your username"
              type="text"
            />
            <input
              placeholder="*********"
              type="password"
            />
            <button
              className="btn"
              type="submit"
            >
              Login
            </button>
          </form>,
        ],
        "className": "login-card",
      },
      "ref": null,
      "rendered": Array [
        Object {
          "instance": null,
          "key": undefined,
          "nodeType": "host",
          "props": Object {
            "alt": "Clear logo",
            "className": "logo",
            "src": "logo.png",
          },
          "ref": null,
          "rendered": null,
          "type": "img",
        },
        Object {
          "instance": null,
          "key": undefined,
          "nodeType": "host",
          "props": Object {
            "children": Array [
              <input
                placeholder="Your username"
                type="text"
              />,
              <input
                placeholder="*********"
                type="password"
              />,
              <button
                className="btn"
                type="submit"
              >
                Login
              </button>,
            ],
            "onSubmit": [Function],
          },
          "ref": null,
          "rendered": Array [
            Object {
              "instance": null,
              "key": undefined,
              "nodeType": "host",
              "props": Object {
                "placeholder": "Your username",
                "type": "text",
              },
              "ref": "username",
              "rendered": null,
              "type": "input",
            },
            Object {
              "instance": null,
              "key": undefined,
              "nodeType": "host",
              "props": Object {
                "placeholder": "*********",
                "type": "password",
              },
              "ref": "password",
              "rendered": null,
              "type": "input",
            },
            Object {
              "instance": null,
              "key": undefined,
              "nodeType": "host",
              "props": Object {
                "children": "Login",
                "className": "btn",
                "type": "submit",
              },
              "ref": null,
              "rendered": "Login",
              "type": "button",
            },
          ],
          "type": "form",
        },
      ],
      "type": "div",
    },
    "type": "section",
  },
  Symbol(enzyme.__nodes__): Array [
    Object {
      "instance": null,
      "key": undefined,
      "nodeType": "host",
      "props": Object {
        "children": <div
          className="login-card"
        >
          <img
            alt="Clear logo"
            className="logo"
            src="logo.png"
          />
          <form
            onSubmit={[Function]}
          >
            <input
              placeholder="Your username"
              type="text"
            />
            <input
              placeholder="*********"
              type="password"
            />
            <button
              className="btn"
              type="submit"
            >
              Login
            </button>
          </form>
        </div>,
        "className": "login-section",
      },
      "ref": null,
      "rendered": Object {
        "instance": null,
        "key": undefined,
        "nodeType": "host",
        "props": Object {
          "children": Array [
            <img
              alt="Clear logo"
              className="logo"
              src="logo.png"
            />,
            <form
              onSubmit={[Function]}
            >
              <input
                placeholder="Your username"
                type="text"
              />
              <input
                placeholder="*********"
                type="password"
              />
              <button
                className="btn"
                type="submit"
              >
                Login
              </button>
            </form>,
          ],
          "className": "login-card",
        },
        "ref": null,
        "rendered": Array [
          Object {
            "instance": null,
            "key": undefined,
            "nodeType": "host",
            "props": Object {
              "alt": "Clear logo",
              "className": "logo",
              "src": "logo.png",
            },
            "ref": null,
            "rendered": null,
            "type": "img",
          },
          Object {
            "instance": null,
            "key": undefined,
            "nodeType": "host",
            "props": Object {
              "children": Array [
                <input
                  placeholder="Your username"
                  type="text"
                />,
                <input
                  placeholder="*********"
                  type="password"
                />,
                <button
                  className="btn"
                  type="submit"
                >
                  Login
                </button>,
              ],
              "onSubmit": [Function],
            },
            "ref": null,
            "rendered": Array [
              Object {
                "instance": null,
                "key": undefined,
                "nodeType": "host",
                "props": Object {
                  "placeholder": "Your username",
                  "type": "text",
                },
                "ref": "username",
                "rendered": null,
                "type": "input",
              },
              Object {
                "instance": null,
                "key": undefined,
                "nodeType": "host",
                "props": Object {
                  "placeholder": "*********",
                  "type": "password",
                },
                "ref": "password",
                "rendered": null,
                "type": "input",
              },
              Object {
                "instance": null,
                "key": undefined,
                "nodeType": "host",
                "props": Object {
                  "children": "Login",
                  "className": "btn",
                  "type": "submit",
                },
                "ref": null,
                "rendered": "Login",
                "type": "button",
              },
            ],
            "type": "form",
          },
        ],
        "type": "div",
      },
      "type": "section",
    },
  ],
  Symbol(enzyme.__options__): Object {
    "adapter": ReactSixteenAdapter {
      "options": Object {
        "enableComponentDidUpdateOnSetState": true,
      },
    },
  },
}
`;
