// Jest Snapshot v1, https://goo.gl/fbAQLP

exports[`(Container) SubjectsList should render correctly 1`] = `<ConsentDial />`;
