// Jest Snapshot v1, https://goo.gl/fbAQLP

exports[`(Container) Delete user should render correctly when user id and default provided props provided 1`] = `
<DeleteUser
  isLoading={false}
  isOpen={true}
  onCancel={[MockFunction]}
  onConfirm={[Function]}
/>
`;
