// Jest Snapshot v1, https://goo.gl/fbAQLP

exports[`(Container) Dashboard Should render without an error 1`] = `
<section
  className="cards"
>
  <SubjectsListContainer />
  <EventsListContainer />
  <div
    className="row"
  >
    <[object Object] />
  </div>
</section>
`;
