// Jest Snapshot v1, https://goo.gl/fbAQLP

exports[`StatsProvider should render correctly 1`] = `
ShallowWrapper {
  "length": 1,
  Symbol(enzyme.__root__): [Circular],
  Symbol(enzyme.__unrendered__): <StatsProvider />,
  Symbol(enzyme.__renderer__): Object {
    "batchedUpdates": [Function],
    "getNode": [Function],
    "render": [Function],
    "simulateEvent": [Function],
    "unmount": [Function],
  },
  Symbol(enzyme.__node__): Object {
    "instance": null,
    "key": undefined,
    "nodeType": "function",
    "props": Object {
      "children": undefined,
      "value": Object {
        "fetchStats": [Function],
        "isLoading": false,
        "stats": Object {
          "controller": Object {},
          "processors": Array [],
        },
      },
    },
    "ref": null,
    "rendered": null,
    "type": Object {
      "$$typeof": Symbol(react.provider),
      "_context": Object {
        "$$typeof": Symbol(react.context),
        "Consumer": [Circular],
        "Provider": [Circular],
        "_calculateChangedBits": null,
        "_changedBits": 0,
        "_changedBits2": 0,
        "_currentRenderer": null,
        "_currentRenderer2": null,
        "_currentValue": Object {
          "fetchStats": [Function],
          "isLoading": false,
          "stats": Object {},
        },
        "_currentValue2": Object {
          "fetchStats": [Function],
          "isLoading": false,
          "stats": Object {},
        },
        "_defaultValue": Object {
          "fetchStats": [Function],
          "isLoading": false,
          "stats": Object {},
        },
      },
    },
  },
  Symbol(enzyme.__nodes__): Array [
    Object {
      "instance": null,
      "key": undefined,
      "nodeType": "function",
      "props": Object {
        "children": undefined,
        "value": Object {
          "fetchStats": [Function],
          "isLoading": false,
          "stats": Object {
            "controller": Object {},
            "processors": Array [],
          },
        },
      },
      "ref": null,
      "rendered": null,
      "type": Object {
        "$$typeof": Symbol(react.provider),
        "_context": Object {
          "$$typeof": Symbol(react.context),
          "Consumer": [Circular],
          "Provider": [Circular],
          "_calculateChangedBits": null,
          "_changedBits": 0,
          "_changedBits2": 0,
          "_currentRenderer": null,
          "_currentRenderer2": null,
          "_currentValue": Object {
            "fetchStats": [Function],
            "isLoading": false,
            "stats": Object {},
          },
          "_currentValue2": Object {
            "fetchStats": [Function],
            "isLoading": false,
            "stats": Object {},
          },
          "_defaultValue": Object {
            "fetchStats": [Function],
            "isLoading": false,
            "stats": Object {},
          },
        },
      },
    },
  ],
  Symbol(enzyme.__options__): Object {
    "adapter": ReactSixteenAdapter {
      "options": Object {
        "enableComponentDidUpdateOnSetState": true,
      },
    },
  },
}
`;
